2026-06-29 14:06:20,716 INFO sqlalchemy.engine.Engine select pg_catalog.version()
2026-06-29 14:06:20 | INFO | sqlalchemy.engine.Engine | select pg_catalog.version()
2026-06-29 14:06:20,749 INFO sqlalchemy.engine.Engine [raw sql] ()
2026-06-29 14:06:20 | INFO | sqlalchemy.engine.Engine | [raw sql] ()
2026-06-29 14:06:20,757 INFO sqlalchemy.engine.Engine select current_schema()
2026-06-29 14:06:20 | INFO | sqlalchemy.engine.Engine | select current_schema()
2026-06-29 14:06:20,764 INFO sqlalchemy.engine.Engine [raw sql] ()
2026-06-29 14:06:20 | INFO | sqlalchemy.engine.Engine | [raw sql] ()
2026-06-29 14:06:20,768 INFO sqlalchemy.engine.Engine show standard_conforming_strings
2026-06-29 14:06:20 | INFO | sqlalchemy.engine.Engine | show standard_conforming_strings
2026-06-29 14:06:20,770 INFO sqlalchemy.engine.Engine [raw sql] ()
2026-06-29 14:06:20 | INFO | sqlalchemy.engine.Engine | [raw sql] ()
2026-06-29 14:06:20,770 INFO sqlalchemy.engine.Engine BEGIN (implicit)
2026-06-29 14:06:20 | INFO | sqlalchemy.engine.Engine | BEGIN (implicit)
2026-06-29 14:06:20,786 INFO sqlalchemy.engine.Engine SELECT users.id, users.username, users.email, users.hashed_password, users.role, users.is_active, users.created_at, users.updated_at 
FROM users 
WHERE users.id = $1::UUID
2026-06-29 14:06:20 | INFO | sqlalchemy.engine.Engine | SELECT users.id, users.username, users.email, users.hashed_password, users.role, users.is_active, users.created_at, users.updated_at 
FROM users 
WHERE users.id = $1::UUID
2026-06-29 14:06:20,788 INFO sqlalchemy.engine.Engine [generated in 0.00249s] (UUID('c5183d93-1b84-46b4-884b-cc70f17db684'),)
2026-06-29 14:06:20 | INFO | sqlalchemy.engine.Engine | [generated in 0.00249s] (UUID('c5183d93-1b84-46b4-884b-cc70f17db684'),)
2026-06-29 14:06:20,809 INFO sqlalchemy.engine.Engine SELECT database_connections.id, database_connections.name, database_connections.host, database_connections.port, database_connections.database, database_connections.username, database_connections.encrypted_password, database_connections.is_active, database_connections.created_at, database_connections.updated_at 
FROM database_connections ORDER BY database_connections.created_at DESC
2026-06-29 14:06:20 | INFO | sqlalchemy.engine.Engine | SELECT database_connections.id, database_connections.name, database_connections.host, database_connections.port, database_connections.database, database_connections.username, database_connections.encrypted_password, database_connections.is_active, database_connections.created_at, database_connections.updated_at 
FROM database_connections ORDER BY database_connections.created_at DESC
2026-06-29 14:06:20,809 INFO sqlalchemy.engine.Engine [generated in 0.00222s] ()
2026-06-29 14:06:20 | INFO | sqlalchemy.engine.Engine | [generated in 0.00222s] ()
2026-06-29 14:06:20,817 INFO sqlalchemy.engine.Engine SELECT database_connections.id, database_connections.name, database_connections.host, database_connections.port, database_connections.database, database_connections.username, database_connections.encrypted_password, database_connections.is_active, database_connections.created_at, database_connections.updated_at 
FROM database_connections 
WHERE database_connections.id = $1::UUID
2026-06-29 14:06:20 | INFO | sqlalchemy.engine.Engine | SELECT database_connections.id, database_connections.name, database_connections.host, database_connections.port, database_connections.database, database_connections.username, database_connections.encrypted_password, database_connections.is_active, database_connections.created_at, database_connections.updated_at 
FROM database_connections 
WHERE database_connections.id = $1::UUID
2026-06-29 14:06:20,817 INFO sqlalchemy.engine.Engine [generated in 0.00227s] (UUID('7b68f1de-bb69-4d8a-929b-435d6036d389'),)
2026-06-29 14:06:20 | INFO | sqlalchemy.engine.Engine | [generated in 0.00227s] (UUID('7b68f1de-bb69-4d8a-929b-435d6036d389'),)
2026-06-29 14:06:26,293 INFO sqlalchemy.engine.Engine SELECT database_connections.id, database_connections.name, database_connections.host, database_connections.port, database_connections.database, database_connections.username, database_connections.encrypted_password, database_connections.is_active, database_connections.created_at, database_connections.updated_at 
FROM database_connections 
WHERE database_connections.id = $1::UUID
2026-06-29 14:06:26 | INFO | sqlalchemy.engine.Engine | SELECT database_connections.id, database_connections.name, database_connections.host, database_connections.port, database_connections.database, database_connections.username, database_connections.encrypted_password, database_connections.is_active, database_connections.created_at, database_connections.updated_at 
FROM database_connections 
WHERE database_connections.id = $1::UUID
2026-06-29 14:06:26,333 INFO sqlalchemy.engine.Engine [cached since 5.512s ago] (UUID('ee3bb9e5-e3c0-4344-a27d-6a6bb7337fc5'),)
2026-06-29 14:06:26 | INFO | sqlalchemy.engine.Engine | [cached since 5.512s ago] (UUID('ee3bb9e5-e3c0-4344-a27d-6a6bb7337fc5'),)
2026-06-29 14:06:26,400 INFO sqlalchemy.engine.Engine COMMIT
2026-06-29 14:06:26 | INFO | sqlalchemy.engine.Engine | COMMIT
INFO:     127.0.0.1:60682 - "POST /api/v1/databases/batch-status HTTP/1.1" 200 OK
